// Jest Snapshot v1, https://goo.gl/fbAQLP

exports[`models stay the same 1`] = `
Object {
  "Alliance": [Function],
  "Match": [Function],
  "Regional": [Function],
  "Season": [Function],
  "Team": [Function],
  "User": [Function],
}
`;
