// Jest Snapshot v1, https://goo.gl/fbAQLP

exports[`Point works 1`] = `
Schema {
  "$id": 1,
  "_indexes": Array [],
  "_userProvidedOptions": Object {},
  "aliases": Object {},
  "callQueue": Array [],
  "childSchemas": Array [],
  "inherits": Object {},
  "methodOptions": Object {},
  "methods": Object {},
  "nested": Object {},
  "obj": Object {
    "coordinates": Object {
      "required": true,
      "type": Array [
        [Function],
      ],
      "validate": [Function],
    },
    "type": Object {
      "enum": Array [
        "Point",
      ],
      "required": true,
      "type": [Function],
    },
  },
  "options": Object {
    "_id": true,
    "autoIndex": null,
    "bufferCommands": true,
    "capped": false,
    "discriminatorKey": "__t",
    "id": true,
    "minimize": true,
    "noId": false,
    "noVirtualId": false,
    "read": null,
    "shardKey": null,
    "strict": true,
    "typeKey": "type",
    "validateBeforeSave": true,
    "versionKey": "__v",
  },
  "paths": Object {
    "_id": ObjectId {
      "_index": null,
      "defaultValue": [Function],
      "getters": Array [],
      "instance": "ObjectID",
      "options": Object {
        "auto": true,
        "type": [Function],
      },
      "path": "_id",
      "setters": Array [
        [Function],
      ],
      "validators": Array [],
      Symbol(mongoose#schemaType): true,
    },
    "coordinates": SchemaArray {
      "$isMongooseArray": true,
      "_index": null,
      "caster": SchemaNumber {
        "_index": null,
        "getters": Array [],
        "instance": "Number",
        "options": Object {},
        "path": "coordinates",
        "setters": Array [],
        "validators": Array [],
        Symbol(mongoose#schemaType): true,
      },
      "casterConstructor": [Function],
      "defaultValue": [Function],
      "getters": Array [],
      "instance": "Array",
      "isRequired": true,
      "options": Object {
        "required": true,
        "type": Array [
          [Function],
        ],
        "validate": [Function],
      },
      "originalRequiredValue": true,
      "path": "coordinates",
      "requiredValidator": [Function],
      "schemaOptions": Object {
        "_id": true,
        "autoIndex": null,
        "bufferCommands": true,
        "capped": false,
        "discriminatorKey": "__t",
        "id": true,
        "minimize": true,
        "noId": false,
        "noVirtualId": false,
        "read": null,
        "shardKey": null,
        "strict": true,
        "typeKey": "type",
        "validateBeforeSave": true,
        "versionKey": "__v",
      },
      "setters": Array [],
      "validators": Array [
        Object {
          "message": "Path \`{PATH}\` is required.",
          "type": "required",
          "validator": [Function],
        },
        Object {
          "message": "Validator failed for path \`{PATH}\` with value \`{VALUE}\`",
          "type": "user defined",
          "validator": [Function],
        },
      ],
      Symbol(mongoose#schemaType): true,
    },
    "type": SchemaString {
      "_index": null,
      "enumValidator": [Function],
      "enumValues": Array [
        "Point",
      ],
      "getters": Array [],
      "instance": "String",
      "isRequired": true,
      "options": Object {
        "enum": Array [
          "Point",
        ],
        "required": true,
        "type": [Function],
      },
      "originalRequiredValue": true,
      "path": "type",
      "regExp": null,
      "requiredValidator": [Function],
      "setters": Array [],
      "validators": Array [
        Object {
          "message": "Path \`{PATH}\` is required.",
          "type": "required",
          "validator": [Function],
        },
        Object {
          "enumValues": Array [
            "Point",
          ],
          "message": "\`{VALUE}\` is not a valid enum value for path \`{PATH}\`.",
          "type": "enum",
          "validator": [Function],
        },
      ],
      Symbol(mongoose#schemaType): true,
    },
  },
  "plugins": Array [],
  "query": Object {},
  "s": Object {
    "hooks": Kareem {
      "_posts": Map {},
      "_pres": Map {},
    },
  },
  "singleNestedPaths": Object {},
  "statics": Object {},
  "subpaths": Object {},
  "tree": Object {
    "_id": Object {
      "auto": true,
      "type": [Function],
    },
    "coordinates": Object {
      "required": true,
      "type": Array [
        [Function],
      ],
      "validate": [Function],
    },
    "type": Object {
      "enum": Array [
        "Point",
      ],
      "required": true,
      "type": [Function],
    },
  },
  "virtuals": Object {},
}
`;

exports[`Point works 2`] = `[Function]`;
