// Jest Snapshot v1, https://goo.gl/fbAQLP

exports[`Model is same throughout 1`] = `
Schema {
  "$id": 1,
  "_indexes": Array [],
  "_userProvidedOptions": Object {},
  "aliases": Object {},
  "callQueue": Array [],
  "childSchemas": Array [],
  "inherits": Object {},
  "methodOptions": Object {},
  "methods": Object {},
  "nested": Object {},
  "obj": Object {
    "teams": Array [
      Object {
        "ref": "Team",
        "type": [Function],
      },
    ],
  },
  "options": Object {
    "_id": true,
    "autoIndex": null,
    "bufferCommands": true,
    "capped": false,
    "discriminatorKey": "__t",
    "id": true,
    "minimize": true,
    "noId": false,
    "noVirtualId": false,
    "read": null,
    "shardKey": null,
    "strict": true,
    "typeKey": "type",
    "validateBeforeSave": true,
    "versionKey": "__v",
  },
  "paths": Object {
    "_id": ObjectId {
      "_index": null,
      "defaultValue": [Function],
      "getters": Array [],
      "instance": "ObjectID",
      "options": Object {
        "auto": true,
        "type": [Function],
      },
      "path": "_id",
      "setters": Array [
        [Function],
      ],
      "validators": Array [],
      Symbol(mongoose#schemaType): true,
    },
    "teams": SchemaArray {
      "$isMongooseArray": true,
      "_index": null,
      "caster": ObjectId {
        "_index": null,
        "getters": Array [],
        "instance": "ObjectID",
        "options": Object {
          "ref": "Team",
        },
        "path": "teams",
        "setters": Array [],
        "validators": Array [],
        Symbol(mongoose#schemaType): true,
      },
      "casterConstructor": [Function],
      "defaultValue": [Function],
      "getters": Array [],
      "instance": "Array",
      "options": Object {
        "type": Array [
          Object {
            "ref": "Team",
            "type": [Function],
          },
        ],
      },
      "path": "teams",
      "schemaOptions": Object {
        "_id": true,
        "autoIndex": null,
        "bufferCommands": true,
        "capped": false,
        "discriminatorKey": "__t",
        "id": true,
        "minimize": true,
        "noId": false,
        "noVirtualId": false,
        "read": null,
        "shardKey": null,
        "strict": true,
        "typeKey": "type",
        "validateBeforeSave": true,
        "versionKey": "__v",
      },
      "setters": Array [],
      "validators": Array [],
      Symbol(mongoose#schemaType): true,
    },
  },
  "plugins": Array [],
  "query": Object {},
  "s": Object {
    "hooks": Kareem {
      "_posts": Map {},
      "_pres": Map {},
    },
  },
  "singleNestedPaths": Object {},
  "statics": Object {},
  "subpaths": Object {},
  "tree": Object {
    "_id": Object {
      "auto": true,
      "type": [Function],
    },
    "teams": Array [
      Object {
        "ref": "Team",
        "type": [Function],
      },
    ],
  },
  "virtuals": Object {},
}
`;

exports[`Model is same throughout 2`] = `[Function]`;
