// Jest Snapshot v1, https://goo.gl/fbAQLP

exports[`get team by id works 1`] = `
Object {
  "__v": 0,
  "_id": Any<String>,
  "awards": Object {},
  "location": Object {
    "_id": Any<String>,
    "coordinates": Array [
      0,
      0,
    ],
    "type": "Point",
  },
  "name": "MorTorq",
  "number": 1515,
  "regional": "6d7be5a7994e35048b9e5e0e",
  "registeredRegionals": Array [],
}
`;

exports[`get teams by user works 1`] = `"[]"`;

exports[`teams has the same routes 1`] = `
Array [
  "/team/:team",
  "/teams/:season",
]
`;
