// Jest Snapshot v1, https://goo.gl/fbAQLP

exports[`load Team stays the same 1`] = `"server/getTeams"`;

exports[`updated Team stays the same 1`] = `"UPDATED_TEAMS"`;
