// Jest Snapshot v1, https://goo.gl/fbAQLP

exports[`Load Team stays the same 1`] = `"server/getTeams"`;

exports[`Updated Team stays the same 1`] = `"UPDATED_TEAMS"`;
