// Jest Snapshot v1, https://goo.gl/fbAQLP

exports[`load All Matches stays the same 1`] = `"server/getMatches"`;

exports[`updated Matches stays the same 1`] = `"UPDATED_MATCHES"`;
